front

cleaning code
